DELETE	/api/admin/apps/:appkey	AdminDeleteApp
DELETE	/api/admin/apps/:appkey/ai/configs/:configId	AdminAppAIConfigDelete
DELETE	/api/admin/apps/:appkey/ai/conversations/:conversationId	AdminAppAIConversationDelete
DELETE	/api/admin/apps/:appkey/ai/mcp-servers/:serverId	AdminAppAIMCPDelete
DELETE	/api/admin/apps/:appkey/ai/skills/:skillId	AdminAppAISkillDelete
DELETE	/api/admin/apps/:appkey/auth-protocol/transport/keys/:keyId	AdminRevokeAppTransportKey
DELETE	/api/admin/apps/:appkey/banners	DeleteAdminBanners
DELETE	/api/admin/apps/:appkey/banners/:bannerId	DeleteAdminBanner
DELETE	/api/admin/apps/:appkey/card-keys/batches/:batchId	AdminDeleteCardKeyBatch
DELETE	/api/admin/apps/:appkey/card-keys/codes/:cardId/devices/:deviceId	AdminUnbindCardKeyDevice
DELETE	/api/admin/apps/:appkey/channels/:cid	AdminDeleteVersionChannel
DELETE	/api/admin/apps/:appkey/channels/:cid/users	AdminRemoveVersionChannelUsers
DELETE	/api/admin/apps/:appkey/function-keys/:keyId	AdminRevokeAppFunctionKey
DELETE	/api/admin/apps/:appkey/function-kv	AdminDeleteAppFunctionKV
DELETE	/api/admin/apps/:appkey/functions/:functionName	AdminDeleteAppFunction
DELETE	/api/admin/apps/:appkey/functions/:functionName/versions/:version	AdminDeleteAppFunctionVersion
DELETE	/api/admin/apps/:appkey/login-baseline/:userid	ResetAdminAppLoginBaseline
DELETE	/api/admin/apps/:appkey/lottery/activities/:id	AdminDeleteLotteryActivity
DELETE	/api/admin/apps/:appkey/lottery/prizes/:id	AdminDeleteLotteryPrize
DELETE	/api/admin/apps/:appkey/notices	DeleteAdminNotices
DELETE	/api/admin/apps/:appkey/notices/:noticeId	DeleteAdminNotice
DELETE	/api/admin/apps/:appkey/notifications	DeleteAdminAppNotifications
DELETE	/api/admin/apps/:appkey/oauth-bindings	AdminDeleteAppOAuthBinding
DELETE	/api/admin/apps/:appkey/oauth-providers/:provider	AdminDeleteAppOAuthProvider
DELETE	/api/admin/apps/:appkey/users/:userId	AdminDeleteUser
DELETE	/api/admin/apps/:appkey/users/:userId/avatar	AdminRemoveAppUserAvatar
DELETE	/api/admin/apps/:appkey/users/:userId/sessions/:tokenHash	AdminRevokeUserSession
DELETE	/api/admin/apps/:appkey/versions/:vid	AdminDeleteVersion
DELETE	/api/admin/apps/:appkey/vip/features/:tag	AdminDeleteAppVipFeature
DELETE	/api/admin/apps/:appkey/vip/plans/:planId	AdminDeleteAppVipPlan
DELETE	/api/admin/apps/:appkey/vip/trial/claims/:userId	AdminResetAppVipTrial
DELETE	/api/admin/notify/channels/:id	AdminDeleteNotifyChannel
DELETE	/api/admin/notify/deliveries	AdminPurgeNotifyDeliveries
DELETE	/api/admin/notify/subscriptions/:id	AdminDeleteNotifySubscription
DELETE	/api/admin/notify/templates/:id	AdminDeleteNotifyTemplate
DELETE	/api/admin/profile/avatar	RemoveAdminAvatar
DELETE	/api/admin/profile/passkey/:credentialId	DeleteAdminPasskey
DELETE	/api/admin/system/ai/configs/:configId	AdminPlatformAIConfigDelete
DELETE	/api/admin/system/ai/mcp-servers/:serverId	AdminPlatformAIMCPDelete
DELETE	/api/admin/system/ai/skills/:skillId	AdminPlatformAISkillDelete
DELETE	/api/admin/system/announcements/:id	AdminDeleteAnnouncement
DELETE	/api/admin/system/banners/:id	DeletePlatformBanner
DELETE	/api/admin/system/crashlogs/:filename	DeleteCrashLog
DELETE	/api/admin/system/device-marketing-names/:id	DeleteDeviceMarketingName
DELETE	/api/admin/system/email/configs/:configId	AdminPlatformEmailConfigDelete
DELETE	/api/admin/system/firewall/bans/:banId	AdminUnbanIP
DELETE	/api/admin/system/firewall/geo-bans/:id	AdminDeleteGeoBan
DELETE	/api/admin/system/firewall/geo-fences/:id	AdminDeleteGeoFence
DELETE	/api/admin/system/firewall/logs	AdminFirewallLogsCleanup
DELETE	/api/admin/system/legal/documents/:docType/:locale	AdminDeleteLegalDocument
DELETE	/api/admin/system/memory/cache	AdminMemoryFlushCaches
DELETE	/api/admin/system/organizations/:orgId	DeleteOrganization
DELETE	/api/admin/system/organizations/:orgId/approval-chains/:chainId	DeleteApprovalChain
DELETE	/api/admin/system/organizations/:orgId/apps/:appId	UnbindOrgApp
DELETE	/api/admin/system/organizations/:orgId/collab-groups/:groupId	DeleteCollabGroup
DELETE	/api/admin/system/organizations/:orgId/departments/:deptId	DeleteDepartment
DELETE	/api/admin/system/organizations/:orgId/departments/:deptId/members/:adminId	RemoveDepartmentMember
DELETE	/api/admin/system/organizations/:orgId/members/:adminId	RemoveOrgMember
DELETE	/api/admin/system/organizations/:orgId/perm-templates/:templateId	DeleteOrgPermTemplate
DELETE	/api/admin/system/organizations/:orgId/positions/:posId	DeletePosition
DELETE	/api/admin/system/organizations/:orgId/roles/:roleId	DeleteOrgRole
DELETE	/api/admin/system/organizations/:orgId/roles/:roleId/grants/:adminId	RevokeOrgRole
DELETE	/api/admin/system/plugins/:id	AdminDeletePlugin
DELETE	/api/admin/system/risk/actions/:id	AdminDeleteRiskAction
DELETE	/api/admin/system/risk/assessments	AdminPurgeRiskAssessments
DELETE	/api/admin/system/risk/rules/:id	AdminDeleteRiskRule
DELETE	/api/admin/system/roles/:roleKey	AdminDeleteCustomRole
DELETE	/api/admin/system/storage/cdn/:configId	DeleteCDNConfig
DELETE	/api/admin/system/storage/image-rules/:ruleId	DeleteImageRule
DELETE	/api/admin/system/storage/objects/:objectId	SoftDeleteStorageObject
DELETE	/api/admin/system/storage/objects/:objectId/permanent	PermanentDeleteStorageObject
DELETE	/api/admin/system/storage/rules/:ruleId	DeleteStorageRule
DELETE	/api/admin/system/templates/:code	DeleteTemplate
DELETE	/api/admin/system/user-master/lists/:id	AdminDeleteUserListEntry
DELETE	/api/admin/system/user-master/mappings/:id	AdminDeleteMapping
DELETE	/api/admin/system/user-master/segments/:id	AdminDeleteSegment
DELETE	/api/admin/system/user-master/segments/:id/members/:identityId	AdminRemoveSegmentMember
DELETE	/api/admin/system/user-master/tags/:id	AdminDeleteUserTag
DELETE	/api/admin/system/user-master/user-lists/:id	AdminDeleteUserListEntry
DELETE	/api/admin/tickets/:ticketId	AdminDeleteTicket
DELETE	/api/admin/tickets/categories/:id	AdminDeleteTicketCategory
DELETE	/api/admin/tickets/groups/:id	AdminDeleteTicketGroup
DELETE	/api/admin/tickets/quick-replies/:id	AdminDeleteTicketQuickReply
DELETE	/api/admin/tickets/sla-policies/:id	AdminDeleteTicketSLAPolicy
DELETE	/api/admin/user-settings/cleanup	AdminCleanupUserSettings
DELETE	/api/auth/oauth2/bindings/:provider	UnbindMyOAuthProvider
DELETE	/api/notifications/:notificationId	DeleteNotification
DELETE	/api/user/delete-site	DeleteSite
DELETE	/api/user/passkey/:credentialId	DeletePasskey
DELETE	/api/user/profile/avatar	RemoveUserAvatar
DELETE	/api/user/sessions/:tokenHash	RevokeUserSession
DELETE	/api/v1/apps/:appkey/auth/oauth/bindings/:provider	UnbindMyOAuthProvider
DELETE	/api/v1/apps/:appkey/me/avatar	RemoveUserAvatar
DELETE	/api/v1/apps/:appkey/me/passkeys/:credentialId	DeletePasskey
DELETE	/api/v1/apps/:appkey/me/sessions/:tokenHash	RevokeUserSession
DELETE	/api/v1/apps/:appkey/notifications/:notificationId	DeleteNotification
GET	/	Homepage
GET	/announcements	AnnouncementsPage
GET	/api/admin/apps	AdminApps
GET	/api/admin/apps/:appkey	AdminApp
GET	/api/admin/apps/:appkey/ai/agent/ws	AdminAppAIAgentWS
GET	/api/admin/apps/:appkey/ai/channel	AdminAppAIChannel
GET	/api/admin/apps/:appkey/ai/configs	AdminAppAIConfigList
GET	/api/admin/apps/:appkey/ai/conversations	AdminAppAIConversationList
GET	/api/admin/apps/:appkey/ai/conversations/:conversationId	AdminAppAIConversationDetail
GET	/api/admin/apps/:appkey/ai/mcp-servers	AdminAppAIMCPList
GET	/api/admin/apps/:appkey/ai/providers	AIProviderCatalog
GET	/api/admin/apps/:appkey/ai/skills	AdminAppAISkillList
GET	/api/admin/apps/:appkey/audits/login	AdminAppLoginAudits
GET	/api/admin/apps/:appkey/audits/login/export	ExportAdminAppLoginAudits
GET	/api/admin/apps/:appkey/audits/sessions	AdminAppSessionAudits
GET	/api/admin/apps/:appkey/audits/sessions/export	ExportAdminAppSessionAudits
GET	/api/admin/apps/:appkey/auth-protocol	AdminGetAppAuthProtocol
GET	/api/admin/apps/:appkey/auth-protocol/transport/keys	AdminListAppTransportKeys
GET	/api/admin/apps/:appkey/banners	AdminBanners
GET	/api/admin/apps/:appkey/banners/export	ExportAdminBanners
GET	/api/admin/apps/:appkey/captcha-config	AdminGetCaptchaConfig
GET	/api/admin/apps/:appkey/card-keys/batches	AdminListCardKeyBatches
GET	/api/admin/apps/:appkey/card-keys/batches/:batchId/export	AdminExportCardKeyBatch
GET	/api/admin/apps/:appkey/card-keys/catalog	AdminCardKeyCatalog
GET	/api/admin/apps/:appkey/card-keys/codes	AdminListCardKeys
GET	/api/admin/apps/:appkey/card-keys/codes/:cardId/devices	AdminListCardKeyDevices
GET	/api/admin/apps/:appkey/card-keys/redemptions	AdminListCardKeyRedemptions
GET	/api/admin/apps/:appkey/channels	AdminListVersionChannels
GET	/api/admin/apps/:appkey/channels/:cid	AdminGetVersionChannel
GET	/api/admin/apps/:appkey/channels/:cid/users	AdminListVersionChannelUsers
GET	/api/admin/apps/:appkey/commerce	AdminAppCommerceSettings
GET	/api/admin/apps/:appkey/commerce/overview	AdminAppCommerceOverview
GET	/api/admin/apps/:appkey/content/overview	AdminContentOverview
GET	/api/admin/apps/:appkey/encryption	AdminAppEncryption
GET	/api/admin/apps/:appkey/function-catalog	AdminAppFunctionCatalog
GET	/api/admin/apps/:appkey/function-keys	AdminListAppFunctionKeys
GET	/api/admin/apps/:appkey/function-kv	AdminBrowseAppFunctionKV
GET	/api/admin/apps/:appkey/functions	AdminListAppFunctions
GET	/api/admin/apps/:appkey/functions/:functionName	AdminGetAppFunction
GET	/api/admin/apps/:appkey/functions/:functionName/invocations	AdminListAppFunctionInvocations
GET	/api/admin/apps/:appkey/functions/:functionName/stats	AdminAppFunctionStats
GET	/api/admin/apps/:appkey/functions/:functionName/versions	AdminListAppFunctionVersions
GET	/api/admin/apps/:appkey/functions/:functionName/versions/:version	AdminGetAppFunctionVersion
GET	/api/admin/apps/:appkey/governance	AdminAppGovernance
GET	/api/admin/apps/:appkey/governance/history	AdminAppGovernanceHistory
GET	/api/admin/apps/:appkey/login-baseline/:userid	AdminAppLoginBaseline
GET	/api/admin/apps/:appkey/lottery/activities	AdminListLotteryActivities
GET	/api/admin/apps/:appkey/lottery/activities/:id	AdminGetLotteryActivity
GET	/api/admin/apps/:appkey/lottery/activities/:id/prizes	AdminListLotteryPrizes
GET	/api/admin/apps/:appkey/lottery/activities/:id/stats	AdminLotteryActivityStats
GET	/api/admin/apps/:appkey/lottery/draws	AdminListLotteryDraws
GET	/api/admin/apps/:appkey/notices	AdminNotices
GET	/api/admin/apps/:appkey/notices/export	ExportAdminNotices
GET	/api/admin/apps/:appkey/notifications	AdminAppNotifications
GET	/api/admin/apps/:appkey/notifications/export	ExportAdminAppNotifications
GET	/api/admin/apps/:appkey/oauth-bindings	AdminListAppOAuthBindings
GET	/api/admin/apps/:appkey/oauth-providers	AdminListAppOAuthProviders
GET	/api/admin/apps/:appkey/oauth-providers/:provider	AdminGetAppOAuthProvider
GET	/api/admin/apps/:appkey/password-policy	AdminAppPasswordPolicy
GET	/api/admin/apps/:appkey/policy	AdminAppPolicy
GET	/api/admin/apps/:appkey/reports/active	ReportActive
GET	/api/admin/apps/:appkey/reports/activity	ReportActivity
GET	/api/admin/apps/:appkey/reports/channel	ReportChannel
GET	/api/admin/apps/:appkey/reports/device	ReportDevice
GET	/api/admin/apps/:appkey/reports/export	ReportExport
GET	/api/admin/apps/:appkey/reports/funnel	ReportFunnel
GET	/api/admin/apps/:appkey/reports/login	ReportLogin
GET	/api/admin/apps/:appkey/reports/notification	ReportNotification
GET	/api/admin/apps/:appkey/reports/payment	ReportPayment
GET	/api/admin/apps/:appkey/reports/region	ReportRegion
GET	/api/admin/apps/:appkey/reports/registration	ReportRegistration
GET	/api/admin/apps/:appkey/reports/retention	ReportRetention
GET	/api/admin/apps/:appkey/reports/risk	ReportRisk
GET	/api/admin/apps/:appkey/signin-reward	AdminAppSignInReward
GET	/api/admin/apps/:appkey/signin/records	AdminAppSignInRecords
GET	/api/admin/apps/:appkey/signin/stats	AdminAppSignInStats
GET	/api/admin/apps/:appkey/stats	AdminAppStats
GET	/api/admin/apps/:appkey/stats/auth-sources	AdminAppAuthSources
GET	/api/admin/apps/:appkey/stats/regions	AdminAppRegionStats
GET	/api/admin/apps/:appkey/stats/user-trend	AdminAppUserTrend
GET	/api/admin/apps/:appkey/users	AdminAppUsers
GET	/api/admin/apps/:appkey/users/:userId	AdminAppUser
GET	/api/admin/apps/:appkey/users/:userId/audits/login	AdminAppUserLoginAudits
GET	/api/admin/apps/:appkey/users/:userId/audits/sessions	AdminAppUserSessionAudits
GET	/api/admin/apps/:appkey/users/:userId/bans	AdminAppUserBans
GET	/api/admin/apps/:appkey/users/:userId/bans/active	AdminAppUserActiveBan
GET	/api/admin/apps/:appkey/users/:userId/sessions	AdminListUserSessions
GET	/api/admin/apps/:appkey/users/:userId/wallet	AdminAppUserWallet
GET	/api/admin/apps/:appkey/users/:userId/wallet/transactions	AdminAppUserWalletTransactions
GET	/api/admin/apps/:appkey/users/export	ExportAdminAppUsers
GET	/api/admin/apps/:appkey/versions	AdminListVersions
GET	/api/admin/apps/:appkey/versions/:vid	AdminGetVersion
GET	/api/admin/apps/:appkey/versions/stats	AdminVersionStats
GET	/api/admin/apps/:appkey/vip/entitlement	AdminAppUserVipEntitlement
GET	/api/admin/apps/:appkey/vip/features	AdminAppVipFeatures
GET	/api/admin/apps/:appkey/vip/plans	AdminAppVipPlans
GET	/api/admin/apps/:appkey/vip/transactions	AdminAppVipTransactions
GET	/api/admin/apps/:appkey/vip/trial/claims	AdminAppVipTrialClaims
GET	/api/admin/apps/:appkey/wallet/stats	AdminAppWalletStats
GET	/api/admin/apps/:appkey/wallet/transactions	AdminAppWalletTransactions
GET	/api/admin/apps/password-policy/templates	PasswordPolicyTemplates
GET	/api/admin/apps/signin-reward/templates	SignInRewardTemplates
GET	/api/admin/auth/ldap/config	AdminLDAPPublicConfig
GET	/api/admin/auth/me	AdminMe
GET	/api/admin/auth/oidc/authorize	AdminOIDCAuthorize
GET	/api/admin/auth/oidc/callback	AdminOIDCCallback
GET	/api/admin/auth/oidc/config	AdminOIDCPublicConfig
GET	/api/admin/auth/saml/authorize	AdminSAMLAuthorize
GET	/api/admin/auth/saml/callback	AdminSAMLCallback
GET	/api/admin/auth/saml/config	AdminSAMLPublicConfig
GET	/api/admin/auth/saml/metadata	AdminSAMLMetadata
GET	/api/admin/auth/self-service	AdminSelfServiceConfig
GET	/api/admin/captcha/config	AdminCaptchaPublicConfig
GET	/api/admin/dashboard	AdminDashboard
GET	/api/admin/notifications	ListAdminInbox
GET	/api/admin/notifications/unread-count	AdminInboxUnreadCount
GET	/api/admin/notify/catalog	AdminNotifyCatalog
GET	/api/admin/notify/channels	AdminListNotifyChannels
GET	/api/admin/notify/channels/:id	AdminGetNotifyChannel
GET	/api/admin/notify/deliveries	AdminListNotifyDeliveries
GET	/api/admin/notify/deliveries/stats	AdminNotifyDeliveryStats
GET	/api/admin/notify/subscriptions	AdminListNotifySubscriptions
GET	/api/admin/notify/templates	AdminListNotifyTemplates
GET	/api/admin/oauth-providers/templates	AdminOAuthProviderTemplates
GET	/api/admin/platform/apps	AdminPlatformOverview
GET	/api/admin/platform/apps/:appkey/governance	AdminPlatformAppGovernance
GET	/api/admin/platform/catalog	AdminPlatformGovernanceCatalog
GET	/api/admin/platform/governance/actions	AdminPlatformGovernanceActions
GET	/api/admin/platform/governance/appeals	AdminPlatformListAppeals
GET	/api/admin/platform/overview	AdminPlatformOverview
GET	/api/admin/profile	AdminProfile
GET	/api/admin/profile/passkey	ListAdminPasskeys
GET	/api/admin/profile/roles	AdminRoleCatalog
GET	/api/admin/profile/roles/permissions	AdminRolePermissionTree
GET	/api/admin/profile/security	AdminSecurity
GET	/api/admin/profile/two-factor/recovery-codes	ListAdminRecoveryCodes
GET	/api/admin/system/admins	AdminListAccounts
GET	/api/admin/system/admins/:adminId/sessions	ListAdminSessions
GET	/api/admin/system/admins/online	ListOnlineAdmins
GET	/api/admin/system/ai/channel	AdminPlatformAIChannel
GET	/api/admin/system/ai/configs	AdminPlatformAIConfigList
GET	/api/admin/system/ai/mcp-servers	AdminPlatformAIMCPList
GET	/api/admin/system/ai/providers	AIProviderCatalog
GET	/api/admin/system/ai/skills	AdminPlatformAISkillList
GET	/api/admin/system/announcements	AdminListAnnouncements
GET	/api/admin/system/announcements/:id	AdminGetAnnouncement
GET	/api/admin/system/audit-logs	ListAuditLogs
GET	/api/admin/system/audit-logs/:id	GetAuditLog
GET	/api/admin/system/audit-logs/export	ExportAuditLogs
GET	/api/admin/system/audit-logs/stats	GetAuditStats
GET	/api/admin/system/authz/model	AdminAuthzModel
GET	/api/admin/system/authz/policies	AdminAuthzPolicies
GET	/api/admin/system/authz/policies/subject	AdminAuthzSubjectPolicies
GET	/api/admin/system/banners	ListPlatformBanners
GET	/api/admin/system/banners/:id	GetPlatformBanner
GET	/api/admin/system/banners/active	GetActivePlatformBanners
GET	/api/admin/system/crashlogs	ListCrashLogs
GET	/api/admin/system/crashlogs/:filename	GetCrashLog
GET	/api/admin/system/database/history	AdminDatabaseHistory
GET	/api/admin/system/database/leak	AdminDatabaseLeak
GET	/api/admin/system/database/maintenance	AdminDatabaseMaintenance
GET	/api/admin/system/database/sessions	AdminDatabaseSessions
GET	/api/admin/system/database/slow-queries	AdminDatabaseSlowQueries
GET	/api/admin/system/database/snapshot	AdminDatabaseSnapshot
GET	/api/admin/system/delegations	ListDelegations
GET	/api/admin/system/device-marketing-names	ListDeviceMarketingNames
GET	/api/admin/system/device-marketing-names/:id	GetDeviceMarketingName
GET	/api/admin/system/device-marketing-names/lookup	LookupDeviceMarketingName
GET	/api/admin/system/device-marketing-names/manufacturers	ListDeviceMarketingManufacturers
GET	/api/admin/system/egress	AdminGetEgressSettings
GET	/api/admin/system/email/channel	AdminPlatformEmailChannel
GET	/api/admin/system/email/configs	AdminPlatformEmailConfigList
GET	/api/admin/system/email/configs/:configId	AdminPlatformEmailConfigDetail
GET	/api/admin/system/email/deliveries	AdminPlatformEmailDeliveryList
GET	/api/admin/system/email/providers	EmailProviderCatalog
GET	/api/admin/system/email/stats	AdminPlatformEmailDeliveryStats
GET	/api/admin/system/firewall/bans	AdminListIPBans
GET	/api/admin/system/firewall/bans/modes	AdminListIPBanModes
GET	/api/admin/system/firewall/geo-bans	AdminListGeoBans
GET	/api/admin/system/firewall/geo-fences	AdminListGeoFences
GET	/api/admin/system/firewall/logs	AdminFirewallLogs
GET	/api/admin/system/firewall/logs/:logId	AdminFirewallLogDetail
GET	/api/admin/system/firewall/stats	AdminFirewallStats
GET	/api/admin/system/geo/clusters	AdminGeoClusters
GET	/api/admin/system/geo/heatmap	AdminGeoHeatmap
GET	/api/admin/system/geo/trail	AdminUserGeoTrail
GET	/api/admin/system/legal/documents	AdminListLegalDocuments
GET	/api/admin/system/legal/documents/:docType/:locale	AdminGetLegalDocument
GET	/api/admin/system/memory/cache	AdminMemoryCacheStats
GET	/api/admin/system/memory/history	AdminMemoryHistory
GET	/api/admin/system/memory/leak	AdminMemoryLeakReport
GET	/api/admin/system/memory/pools	AdminMemoryPoolStats
GET	/api/admin/system/memory/snapshot	AdminMemorySnapshot
GET	/api/admin/system/online/apps/:appkey	AdminAppOnlineStats
GET	/api/admin/system/online/apps/:appkey/users	AdminAppOnlineUsers
GET	/api/admin/system/online/stats	AdminOnlineStats
GET	/api/admin/system/org-approvals/pending	ListMyPendingApprovals
GET	/api/admin/system/org-invitations	ListMyInvitations
GET	/api/admin/system/org-invitations/count	CountPendingInvitations
GET	/api/admin/system/org-metadata	OrgMetadata
GET	/api/admin/system/organizations	ListOrganizations
GET	/api/admin/system/organizations/:orgId	GetOrganization
GET	/api/admin/system/organizations/:orgId/activity	ListOrgActivity
GET	/api/admin/system/organizations/:orgId/approval-chains	ListApprovalChains
GET	/api/admin/system/organizations/:orgId/approvals	ListApprovalInstances
GET	/api/admin/system/organizations/:orgId/approvals/:instanceId	GetApprovalInstance
GET	/api/admin/system/organizations/:orgId/apps	ListOrgApps
GET	/api/admin/system/organizations/:orgId/assignable-admins	SearchAssignableAdmins
GET	/api/admin/system/organizations/:orgId/collab-groups	ListCollabGroups
GET	/api/admin/system/organizations/:orgId/departments	GetDepartmentTree
GET	/api/admin/system/organizations/:orgId/departments/:deptId	GetDepartment
GET	/api/admin/system/organizations/:orgId/departments/:deptId/members	ListDepartmentMembers
GET	/api/admin/system/organizations/:orgId/departments/:deptId/members/:adminId/reporting-chain	GetReportingChain
GET	/api/admin/system/organizations/:orgId/departments/:deptId/members/:adminId/reports	GetDirectReports
GET	/api/admin/system/organizations/:orgId/export	ExportOrganization
GET	/api/admin/system/organizations/:orgId/import-template	DownloadImportTemplate
GET	/api/admin/system/organizations/:orgId/members	ListOrgMembers
GET	/api/admin/system/organizations/:orgId/members/:adminId	GetOrgMember
GET	/api/admin/system/organizations/:orgId/overview	GetOrgOverview
GET	/api/admin/system/organizations/:orgId/perm-templates	ListOrgPermTemplates
GET	/api/admin/system/organizations/:orgId/positions	ListPositions
GET	/api/admin/system/organizations/:orgId/roles	ListOrgRoles
GET	/api/admin/system/organizations/:orgId/roles/:roleId/grants	ListOrgRoleGrants
GET	/api/admin/system/organizations/tree	OrganizationTree
GET	/api/admin/system/plugins	AdminListPlugins
GET	/api/admin/system/plugins/:id	AdminGetPlugin
GET	/api/admin/system/plugins/executions	AdminListHookExecutions
GET	/api/admin/system/plugins/registry	AdminGetHookRegistry
GET	/api/admin/system/risk/actions	AdminListRiskActions
GET	/api/admin/system/risk/assessments	AdminListRiskAssessments
GET	/api/admin/system/risk/assessments/:id	AdminGetRiskAssessment
GET	/api/admin/system/risk/dashboard	AdminRiskDashboard
GET	/api/admin/system/risk/devices	AdminListRiskDevices
GET	/api/admin/system/risk/devices/:deviceId	AdminGetDeviceFingerprint
GET	/api/admin/system/risk/devices/suspicious	AdminListSuspiciousDevices
GET	/api/admin/system/risk/ips	AdminListHighRiskIPs
GET	/api/admin/system/risk/ips/:ip	AdminGetIPRisk
GET	/api/admin/system/risk/metadata	AdminRiskMetadata
GET	/api/admin/system/risk/reviews/pending	AdminListPendingReviews
GET	/api/admin/system/risk/rules	AdminListRiskRules
GET	/api/admin/system/risk/rules/:id	AdminGetRiskRule
GET	/api/admin/system/roles	AdminRoleCatalog
GET	/api/admin/system/roles/:roleKey/impact	AdminGetRoleImpactPreview
GET	/api/admin/system/roles/graph	AdminGetRoleGraph
GET	/api/admin/system/roles/matrix	AdminGetRoleMatrix
GET	/api/admin/system/roles/permissions	AdminRolePermissionTree
GET	/api/admin/system/runtime	AdminSystemRuntime
GET	/api/admin/system/sessions	ListAllSessions
GET	/api/admin/system/settings	AdminGetSystemSettings
GET	/api/admin/system/storage/cdn/:configId	GetCDNConfig
GET	/api/admin/system/storage/image-rules	ListImageRules
GET	/api/admin/system/storage/objects	ListStorageObjects
GET	/api/admin/system/storage/objects/:objectId	GetStorageObjectDetail
GET	/api/admin/system/storage/objects/:objectId/thumbnail	GetStorageObjectThumbnail
GET	/api/admin/system/storage/rules	ListStorageRules
GET	/api/admin/system/storage/trash	ListTrashObjects
GET	/api/admin/system/storage/usage	GetStorageUsage
GET	/api/admin/system/storage/usage/history	GetStorageUsageHistory
GET	/api/admin/system/temp-permissions	ListTempPermissions
GET	/api/admin/system/templates	ListTemplates
GET	/api/admin/system/templates/:code	GetTemplate
GET	/api/admin/system/user-master/appeals	AdminListAppeals
GET	/api/admin/system/user-master/deactivations	AdminListDeactivations
GET	/api/admin/system/user-master/identities	AdminListIdentities
GET	/api/admin/system/user-master/identities/:id	AdminGetIdentity
GET	/api/admin/system/user-master/identities/:id/mappings	AdminListMappingsByIdentity
GET	/api/admin/system/user-master/identities/:id/tags	AdminListIdentityTags
GET	/api/admin/system/user-master/lists	AdminListUserListEntries
GET	/api/admin/system/user-master/merges	AdminListMerges
GET	/api/admin/system/user-master/segments	AdminListSegments
GET	/api/admin/system/user-master/segments/:id/members	AdminListSegmentMembers
GET	/api/admin/system/user-master/tags	AdminListUserTags
GET	/api/admin/system/user-master/user-lists	AdminListUserListEntries
GET	/api/admin/tickets	AdminListTickets
GET	/api/admin/tickets/:ticketId	AdminGetTicket
GET	/api/admin/tickets/agents	AdminTicketAgentStats
GET	/api/admin/tickets/categories	AdminListTicketCategories
GET	/api/admin/tickets/export	ExportAdminTickets
GET	/api/admin/tickets/groups	AdminListTicketGroups
GET	/api/admin/tickets/metadata	AdminTicketMetadata
GET	/api/admin/tickets/quick-replies	AdminListTicketQuickReplies
GET	/api/admin/tickets/sla-policies	AdminListTicketSLAPolicies
GET	/api/admin/tickets/stats	AdminTicketStats
GET	/api/admin/tickets/trend	AdminTicketTrend
GET	/api/admin/tickets/workbench	AdminTicketWorkbench
GET	/api/admin/user-settings/check-integrity	AdminCheckUserSettingsIntegrity
GET	/api/admin/user-settings/stats	AdminUserSettingsStats
GET	/api/admin/user-settings/user	AdminUserSettings
GET	/api/app/password-policy/templates	PasswordPolicyTemplates
GET	/api/app/public	AppPublic
GET	/api/apps/:appkey/functions	ListAppFunctionContracts
GET	/api/apps/:appkey/functions/:functionName	GetAppFunctionContract
GET	/api/auth/oauth2/bindings	ListMyOAuthBindings
GET	/api/auth/oauth2/callback	OAuthCallback
GET	/api/auth/oauth2/providers	AppOAuthPublicProviders
GET	/api/avatar/:hash	AvatarRedirect
GET	/api/avatars/:token	AvatarImage
GET	/api/captcha/public-config	UserCaptchaPublicConfig
GET	/api/functions/signing-key	AppFunctionSigningKey
GET	/api/leaderboard/me	LeaderboardMe
GET	/api/leaderboard/points/:type	LeaderboardPoints
GET	/api/leaderboard/signin/:type	LeaderboardSignIn
GET	/api/leaderboard/summary	LeaderboardSummary
GET	/api/legal/documents	PublicLegalCatalog
GET	/api/legal/documents/:docType	PublicLegalDocument
GET	/api/lottery/activities	UserLotteryActivities
GET	/api/lottery/activities/:id	UserLotteryActivityDetail
GET	/api/lottery/activities/:id/prizes	UserLotteryActivityPrizes
GET	/api/lottery/activities/:id/verify	UserLotteryVerify
GET	/api/lottery/draws	UserLotteryDrawHistory
GET	/api/notifications	Notifications
GET	/api/notifications/unread-count	NotificationUnreadCount
GET	/api/pay/bills/:billId/download	DownloadPaymentBill
GET	/api/pay/epay/query/:orderNo	QueryEpayOrder
GET	/api/pay/orders	PaymentOrders
GET	/api/pay/orders/:orderNo	PaymentOrderDetail
GET	/api/pay/orders/:orderNo/bill	ExportPaymentBill
GET	/api/pay/orders/:orderNo/receipt	DownloadPaymentReceipt
GET	/api/pay/receipt/options	PaymentReceiptOptions
GET	/api/pay/receipts/:appid/:billId/download	DownloadSignedPaymentReceipt
GET	/api/points/experience-transactions	ExperienceTransactions
GET	/api/points/integral-transactions	IntegralTransactions
GET	/api/points/level	MyLevel
GET	/api/points/levels	PointsLevels
GET	/api/points/overview	PointsOverview
GET	/api/points/rankings	PointsRankings
GET	/api/public/branding	AdminGetPublicBranding
GET	/api/public/pay/callback/:method	PaymentCallback
GET	/api/public/pay/callback/:method/:appid	PaymentCallback
GET	/api/public/pay/epay	EpayCallback
GET	/api/public/pay/return	PaymentReturn
GET	/api/storage/proxy/:ticket	StorageProxyDownload
GET	/api/system/announcements/active	ActiveAnnouncements
GET	/api/system/monitor	SystemMonitor
GET	/api/system/monitor/apps	SystemMonitorApps
GET	/api/system/monitor/apps/:appkey	AppMonitor
GET	/api/system/monitor/apps/:appkey/components	AppMonitorComponents
GET	/api/system/monitor/apps/:appkey/history	AppMonitorHistory
GET	/api/system/monitor/components	SystemMonitorComponents
GET	/api/system/monitor/history	SystemMonitorHistory
GET	/api/user-settings	LegacyUserSettings
GET	/api/user-settings/auto-sign/status	LegacyAutoSignStatus
GET	/api/user-settings/categories	UserSettingCategories
GET	/api/user/audits/login	UserLoginAudits
GET	/api/user/audits/login/export	ExportUserLoginAudits
GET	/api/user/audits/sessions	UserSessionAudits
GET	/api/user/audits/sessions/export	ExportUserSessionAudits
GET	/api/user/auto-sign/status	LegacyAutoSignStatus
GET	/api/user/banner	UserBanner
GET	/api/user/check-version	CheckVersion
GET	/api/user/level/config	LegacyLevelConfig
GET	/api/user/notice	UserNotice
GET	/api/user/passkey	ListPasskeys
GET	/api/user/profile	Profile
GET	/api/user/profile/avatar/history	ListUserAvatarHistory
GET	/api/user/role/applications	RoleApplications
GET	/api/user/role/applications/:applicationId	RoleApplicationDetail
GET	/api/user/role/available	AvailableRoles
GET	/api/user/security	Security
GET	/api/user/sessions	UserSessions
GET	/api/user/settings	Settings
GET	/api/user/signin/history	SignInHistory
GET	/api/user/signin/history/export	ExportUserSignInHistory
GET	/api/user/signin/status	SignInStatus
GET	/api/user/site-detail	SiteDetail
GET	/api/user/site-list	SiteList
GET	/api/user/tickets	UserListTickets
GET	/api/user/tickets/:ticketId	UserGetTicket
GET	/api/user/tickets/categories	UserListTicketCategories
GET	/api/user/two-factor/recovery-codes	ListRecoveryCodes
GET	/api/v1/apps/:appkey/auth/oauth/bindings	ListMyOAuthBindings
GET	/api/v1/apps/:appkey/auth/oauth/callback	AppOAuthCallback
GET	/api/v1/apps/:appkey/banners	AppBanners
GET	/api/v1/apps/:appkey/card-keys/mine	AppMyCardKeys
GET	/api/v1/apps/:appkey/config	AppConfig
GET	/api/v1/apps/:appkey/leaderboard/me	LeaderboardMe
GET	/api/v1/apps/:appkey/leaderboard/points/:type	LeaderboardPoints
GET	/api/v1/apps/:appkey/leaderboard/signin/:type	LeaderboardSignIn
GET	/api/v1/apps/:appkey/leaderboard/summary	LeaderboardSummary
GET	/api/v1/apps/:appkey/me	AppMe
GET	/api/v1/apps/:appkey/me/2fa/recovery-codes	ListRecoveryCodes
GET	/api/v1/apps/:appkey/me/audits/login	UserLoginAudits
GET	/api/v1/apps/:appkey/me/audits/sessions	UserSessionAudits
GET	/api/v1/apps/:appkey/me/avatar/history	ListUserAvatarHistory
GET	/api/v1/apps/:appkey/me/passkeys	ListPasskeys
GET	/api/v1/apps/:appkey/me/profile	Profile
GET	/api/v1/apps/:appkey/me/security	Security
GET	/api/v1/apps/:appkey/me/sessions	UserSessions
GET	/api/v1/apps/:appkey/me/settings	Settings
GET	/api/v1/apps/:appkey/notices	AppNotices
GET	/api/v1/apps/:appkey/notifications	Notifications
GET	/api/v1/apps/:appkey/notifications/unread-count	NotificationUnreadCount
GET	/api/v1/apps/:appkey/pay/orders	PaymentOrders
GET	/api/v1/apps/:appkey/pay/orders/:orderNo	PaymentOrderDetail
GET	/api/v1/apps/:appkey/points/experience-transactions	ExperienceTransactions
GET	/api/v1/apps/:appkey/points/integral-transactions	IntegralTransactions
GET	/api/v1/apps/:appkey/points/level	MyLevel
GET	/api/v1/apps/:appkey/points/levels	PointsLevels
GET	/api/v1/apps/:appkey/points/overview	PointsOverview
GET	/api/v1/apps/:appkey/signin/history	SignInHistory
GET	/api/v1/apps/:appkey/signin/status	SignInStatus
GET	/api/v1/apps/:appkey/tickets	UserListTickets
GET	/api/v1/apps/:appkey/tickets/:ticketId	UserGetTicket
GET	/api/v1/apps/:appkey/tickets/categories	UserListTicketCategories
GET	/api/v1/apps/:appkey/version/check	AppVersionCheck
GET	/api/v1/apps/:appkey/vip/plans	VipPlans
GET	/api/v1/apps/:appkey/vip/status	MyVipStatus
GET	/api/v1/apps/:appkey/vip/transactions	MyVipTransactions
GET	/api/v1/apps/:appkey/wallet	MyWallet
GET	/api/v1/apps/:appkey/wallet/transactions	MyWalletTransactions
GET	/api/vip/plans	VipPlans
GET	/api/vip/status	MyVipStatus
GET	/api/vip/transactions	MyVipTransactions
GET	/api/wallet	MyWallet
GET	/api/wallet/transactions	MyWalletTransactions
GET	/api/wallet/transactions/:transactionNo	MyWalletTransactionDetail
GET	/api/wallet/transactions/:transactionNo/bill	ExportWalletBill
GET	/api/wallet/transactions/:transactionNo/receipt	DownloadWalletReceipt
GET	/api/ws	WebSocket
GET	/cons-env	EnvPage
GET	/docs	RegisterDocsRoutes.func2
GET	/docs/tags/:slug	RegisterDocsRoutes.func3
GET	/healthz	Healthz
GET	/openapi.json	RegisterDocsRoutes.func1
GET	/readyz	Readyz
GET	/status	StatusPage
HEAD	/api/avatar/:hash	AvatarRedirect
HEAD	/api/avatars/:token	AvatarImage
HEAD	/healthz	Healthz
HEAD	/readyz	Readyz
PATCH	/api/admin/system/firewall/geo-bans/:id	AdminToggleGeoBan
PATCH	/api/admin/system/firewall/geo-fences/:id	AdminToggleGeoFence
PATCH	/api/admin/tickets/:ticketId	AdminUpdateTicket
POST	/api/admin/app/email-config/channel	AdminEmailChannel
POST	/api/admin/app/email-config/create	AdminEmailConfigCreate
POST	/api/admin/app/email-config/delete	AdminEmailConfigDelete
POST	/api/admin/app/email-config/deliveries	AdminEmailDeliveryList
POST	/api/admin/app/email-config/detail	AdminEmailConfigDetail
POST	/api/admin/app/email-config/list	AdminEmailConfigList
POST	/api/admin/app/email-config/providers	EmailProviderCatalog
POST	/api/admin/app/email-config/stats	AdminEmailDeliveryStats
POST	/api/admin/app/email-config/test	AdminEmailConfigTest
POST	/api/admin/app/email-config/update	AdminEmailConfigUpdate
POST	/api/admin/app/payment-config/create	AdminPaymentConfigCreate
POST	/api/admin/app/payment-config/delete	AdminPaymentConfigDelete
POST	/api/admin/app/payment-config/detail	AdminPaymentConfigDetail
POST	/api/admin/app/payment-config/epay/init	AdminPaymentEpayInit
POST	/api/admin/app/payment-config/list	AdminPaymentConfigList
POST	/api/admin/app/payment-config/methods	PaymentMethods
POST	/api/admin/app/payment-config/orders/detail	AdminPaymentOrderDetail
POST	/api/admin/app/payment-config/orders/list	AdminPaymentOrderList
POST	/api/admin/app/payment-config/orders/receipt	AdminPaymentOrderReceipt
POST	/api/admin/app/payment-config/orders/receipt/email	AdminPaymentOrderReceiptEmail
POST	/api/admin/app/payment-config/receipt/options	PaymentReceiptOptions
POST	/api/admin/app/payment-config/refunds/create	AdminPaymentRefundCreate
POST	/api/admin/app/payment-config/refunds/list	AdminPaymentRefundList
POST	/api/admin/app/payment-config/refunds/order	AdminPaymentRefundOrderList
POST	/api/admin/app/payment-config/refunds/refundable	AdminPaymentRefundable
POST	/api/admin/app/payment-config/refunds/sync	AdminPaymentRefundSync
POST	/api/admin/app/payment-config/test	AdminPaymentConfigTest
POST	/api/admin/app/payment-config/update	AdminPaymentConfigUpdate
POST	/api/admin/app/role-application/batch-review	AdminRoleApplicationBatchReviewCompat
POST	/api/admin/app/role-application/detail	AdminRoleApplicationDetailCompat
POST	/api/admin/app/role-application/list	AdminRoleApplicationsCompat
POST	/api/admin/app/role-application/review	AdminRoleApplicationReviewCompat
POST	/api/admin/app/role-application/statistics	AdminRoleApplicationStatisticsCompat
POST	/api/admin/app/site/audit	AdminSiteAuditCompat
POST	/api/admin/app/site/audit-list	AdminSiteAuditListCompat
POST	/api/admin/app/site/audit-stats	AdminSiteAuditStatsCompat
POST	/api/admin/app/site/batch-audit	AdminSiteBatchAuditCompat
POST	/api/admin/app/site/delete	AdminSiteDeleteCompat
POST	/api/admin/app/site/detail	AdminSiteDetailCompat
POST	/api/admin/app/site/list	AdminSiteListCompat
POST	/api/admin/app/site/toggle-pin	AdminSiteTogglePinCompat
POST	/api/admin/app/site/update	AdminSiteUpdateCompat
POST	/api/admin/app/site/user-sites	AdminSiteUserSitesCompat
POST	/api/admin/app/storage-config/create	AdminAppStorageConfigCreate
POST	/api/admin/app/storage-config/delete	AdminAppStorageConfigDelete
POST	/api/admin/app/storage-config/detail	AdminAppStorageConfigDetail
POST	/api/admin/app/storage-config/list	AdminAppStorageConfigList
POST	/api/admin/app/storage-config/test	AdminAppStorageConfigTest
POST	/api/admin/app/storage-config/update	AdminAppStorageConfigUpdate
POST	/api/admin/app/version/channel/add-users	AdminVersionChannelAddUsersCompat
POST	/api/admin/app/version/channel/create	AdminVersionChannelCreateCompat
POST	/api/admin/app/version/channel/delete	AdminVersionChannelDeleteCompat
POST	/api/admin/app/version/channel/detail	AdminVersionChannelDetailCompat
POST	/api/admin/app/version/channel/list	AdminVersionChannelListCompat
POST	/api/admin/app/version/channel/preview-match	AdminVersionPreviewMatchCompat
POST	/api/admin/app/version/channel/remove-users	AdminVersionChannelRemoveUsersCompat
POST	/api/admin/app/version/channel/update	AdminVersionChannelUpdateCompat
POST	/api/admin/app/version/channel/users	AdminVersionChannelUsersCompat
POST	/api/admin/app/version/create	AdminVersionCreateCompat
POST	/api/admin/app/version/delete	AdminVersionDeleteCompat
POST	/api/admin/app/version/detail	AdminVersionDetailCompat
POST	/api/admin/app/version/list	AdminVersionListCompat
POST	/api/admin/app/version/stats	AdminVersionStatsCompat
POST	/api/admin/app/version/update	AdminVersionUpdateCompat
POST	/api/admin/apps	CreateAdminApp
POST	/api/admin/apps/:appkey/ai/agent/stream	AdminAppAIAgentStream
POST	/api/admin/apps/:appkey/ai/configs	AdminAppAIConfigCreate
POST	/api/admin/apps/:appkey/ai/configs/:configId/test	AdminAppAIConfigTest
POST	/api/admin/apps/:appkey/ai/mcp-servers	AdminAppAIMCPCreate
POST	/api/admin/apps/:appkey/ai/mcp-servers/:serverId/test	AdminAppAIMCPTest
POST	/api/admin/apps/:appkey/ai/skills	AdminAppAISkillCreate
POST	/api/admin/apps/:appkey/auth-protocol/secret/rotate	AdminRotateAppSigningSecret
POST	/api/admin/apps/:appkey/auth-protocol/selftest	AdminAppIntegrationSelfTest
POST	/api/admin/apps/:appkey/auth-protocol/transport/rotate	AdminRotateAppTransportKey
POST	/api/admin/apps/:appkey/banners	CreateAdminBanner
POST	/api/admin/apps/:appkey/banners/image	UploadAdminBannerImage
POST	/api/admin/apps/:appkey/captcha-config/preview	AdminPreviewDynamicCaptcha
POST	/api/admin/apps/:appkey/captcha-config/test-sms	AdminTestSMS
POST	/api/admin/apps/:appkey/card-keys/batches	AdminGenerateCardKeys
POST	/api/admin/apps/:appkey/card-keys/codes/disable	AdminDisableCardKeys
POST	/api/admin/apps/:appkey/card-keys/codes/restore	AdminRestoreCardKeys
POST	/api/admin/apps/:appkey/channels	AdminCreateVersionChannel
POST	/api/admin/apps/:appkey/channels/:cid/users	AdminAddVersionChannelUsers
POST	/api/admin/apps/:appkey/function-keys	AdminCreateAppFunctionKey
POST	/api/admin/apps/:appkey/functions	AdminCreateAppFunction
POST	/api/admin/apps/:appkey/functions/:functionName/analyze	AdminAnalyzeAppFunction
POST	/api/admin/apps/:appkey/functions/:functionName/invoke	AdminInvokeAppFunction
POST	/api/admin/apps/:appkey/functions/:functionName/test	AdminTestAppFunction
POST	/api/admin/apps/:appkey/functions/:functionName/versions	AdminCreateAppFunctionVersion
POST	/api/admin/apps/:appkey/functions/:functionName/versions/:version/activate	AdminActivateAppFunctionVersion
POST	/api/admin/apps/:appkey/governance/appeals	AdminAppSubmitGovernanceAppeal
POST	/api/admin/apps/:appkey/governance/appeals/:appealId/withdraw	AdminAppWithdrawGovernanceAppeal
POST	/api/admin/apps/:appkey/lottery/activities	AdminCreateLotteryActivity
POST	/api/admin/apps/:appkey/lottery/activities/:id/prizes	AdminCreateLotteryPrize
POST	/api/admin/apps/:appkey/lottery/activities/:id/seed/commit	AdminLotteryCommitSeed
POST	/api/admin/apps/:appkey/lottery/activities/:id/seed/reveal	AdminLotteryRevealSeed
POST	/api/admin/apps/:appkey/notices	CreateAdminNotice
POST	/api/admin/apps/:appkey/notifications/bulk	AdminBulkNotifyUsers
POST	/api/admin/apps/:appkey/notifications/delete-by-filter	DeleteAdminAppNotificationsByFilter
POST	/api/admin/apps/:appkey/oauth-providers	AdminCreateAppOAuthProvider
POST	/api/admin/apps/:appkey/oauth-providers/:provider/test	AdminTestAppOAuthProvider
POST	/api/admin/apps/:appkey/oauth-providers/reorder	AdminReorderAppOAuthProviders
POST	/api/admin/apps/:appkey/password-policy/reset	ResetAdminAppPasswordPolicy
POST	/api/admin/apps/:appkey/password-policy/test	TestAdminAppPasswordPolicy
POST	/api/admin/apps/:appkey/signin-reward/reset	ResetAdminAppSignInReward
POST	/api/admin/apps/:appkey/signin-reward/test	TestAdminAppSignInReward
POST	/api/admin/apps/:appkey/users/:userId/avatar	AdminUploadAppUserAvatar
POST	/api/admin/apps/:appkey/users/:userId/bans	CreateAdminAppUserBan
POST	/api/admin/apps/:appkey/users/:userId/bans/:banId/revoke	RevokeAdminAppUserBan
POST	/api/admin/apps/:appkey/users/:userId/reset-password	AdminResetUserPassword
POST	/api/admin/apps/:appkey/users/:userId/revoke-sessions	AdminRevokeUserSessions
POST	/api/admin/apps/:appkey/users/:userId/sessions/revoke-batch	AdminRevokeUserSessionsBatch
POST	/api/admin/apps/:appkey/users/bans/batch	BatchCreateAdminAppUserBan
POST	/api/admin/apps/:appkey/versions	AdminCreateVersion
POST	/api/admin/apps/:appkey/versions/:vid/publish	AdminPublishVersion
POST	/api/admin/apps/:appkey/versions/:vid/revoke	AdminRevokeVersion
POST	/api/admin/apps/:appkey/vip/features	AdminSaveAppVipFeature
POST	/api/admin/apps/:appkey/vip/grant	AdminGrantAppUserVip
POST	/api/admin/apps/:appkey/vip/plans	AdminSaveAppVipPlan
POST	/api/admin/apps/:appkey/vip/trial/claims	AdminClaimAppVipTrial
POST	/api/admin/apps/:appkey/wallet/adjust	AdminAdjustAppUserWallet
POST	/api/admin/apps/:appkey/wallet/receipt	AdminAppWalletReceipt
POST	/api/admin/apps/:appkey/wallet/receipt/email	AdminAppWalletReceiptEmail
POST	/api/admin/auth/login	AdminLogin
POST	/api/admin/auth/logout	AdminLogout
POST	/api/admin/auth/oidc/exchange	AdminOIDCExchange
POST	/api/admin/auth/register	AdminRegister
POST	/api/admin/auth/saml/callback	AdminSAMLCallback
POST	/api/admin/auth/saml/exchange	AdminSAMLExchange
POST	/api/admin/auth/verify-mfa	AdminVerifyMFA
POST	/api/admin/avatar	UploadAdminAvatar
POST	/api/admin/avatar/upload	UploadAdminAvatar
POST	/api/admin/captcha/generate	AdminGenerateCaptcha
POST	/api/admin/captcha/verify	AdminVerifyCaptcha
POST	/api/admin/captcha/verify-click	VerifyCaptchaClick
POST	/api/admin/notifications/delete	DeleteAdminInbox
POST	/api/admin/notifications/read	MarkAdminInboxRead
POST	/api/admin/notify/channels	AdminSaveNotifyChannel
POST	/api/admin/notify/channels/:id/test	AdminTestNotifyChannel
POST	/api/admin/notify/subscriptions	AdminSaveNotifySubscription
POST	/api/admin/notify/templates	AdminSaveNotifyTemplate
POST	/api/admin/notify/templates/preview	AdminPreviewNotifyTemplate
POST	/api/admin/platform/apps/:appkey/governance	AdminPlatformApplyGovernance
POST	/api/admin/platform/apps/:appkey/revoke-sessions	AdminPlatformRevokeAppSessions
POST	/api/admin/platform/apps/batch-governance	AdminPlatformBatchGovernance
POST	/api/admin/platform/governance/appeals/:appealId/review	AdminPlatformReviewAppeal
POST	/api/admin/platform/storage-config/create	AdminGlobalStorageConfigCreate
POST	/api/admin/platform/storage-config/delete	AdminGlobalStorageConfigDelete
POST	/api/admin/platform/storage-config/detail	AdminGlobalStorageConfigDetail
POST	/api/admin/platform/storage-config/list	AdminGlobalStorageConfigList
POST	/api/admin/platform/storage-config/test	AdminGlobalStorageConfigTest
POST	/api/admin/platform/storage-config/update	AdminGlobalStorageConfigUpdate
POST	/api/admin/profile/avatar	UploadAdminAvatar
POST	/api/admin/profile/passkey/register	FinishAdminPasskeyRegistration
POST	/api/admin/profile/passkey/register/options	BeginAdminPasskeyRegistration
POST	/api/admin/profile/two-factor/disable	DisableAdminTOTP
POST	/api/admin/profile/two-factor/enable	EnableAdminTOTP
POST	/api/admin/profile/two-factor/enroll	BeginAdminTOTPEnrollment
POST	/api/admin/profile/two-factor/recovery-codes	GenerateAdminRecoveryCodes
POST	/api/admin/profile/two-factor/recovery-codes/regenerate	RegenerateAdminRecoveryCodes
POST	/api/admin/profile/upload-avatar	UploadAdminAvatar
POST	/api/admin/system/admins	AdminCreateAccount
POST	/api/admin/system/admins/:adminId/force-logout	ForceLogoutAdmin
POST	/api/admin/system/ai/configs	AdminPlatformAIConfigCreate
POST	/api/admin/system/ai/configs/:configId/test	AdminPlatformAIConfigTest
POST	/api/admin/system/ai/mcp-servers	AdminPlatformAIMCPCreate
POST	/api/admin/system/ai/mcp-servers/:serverId/test	AdminPlatformAIMCPTest
POST	/api/admin/system/ai/skills	AdminPlatformAISkillCreate
POST	/api/admin/system/announcements	AdminCreateAnnouncement
POST	/api/admin/system/announcements/:id/archive	AdminArchiveAnnouncement
POST	/api/admin/system/announcements/:id/publish	AdminPublishAnnouncement
POST	/api/admin/system/authz/explain	AdminAuthzExplain
POST	/api/admin/system/authz/reload	AdminAuthzReload
POST	/api/admin/system/authz/roles/override	AdminAuthzSetRoleOverride
POST	/api/admin/system/banners	CreatePlatformBanner
POST	/api/admin/system/banners/bulk-delete	BulkDeletePlatformBanners
POST	/api/admin/system/banners/upload	UploadPlatformBannerImage
POST	/api/admin/system/captcha/preview	AdminPreviewDynamicCaptcha
POST	/api/admin/system/database/refresh	AdminDatabaseRefresh
POST	/api/admin/system/database/sessions/:pid/cancel	AdminDatabaseCancelSession
POST	/api/admin/system/database/sessions/:pid/terminate	AdminDatabaseTerminateSession
POST	/api/admin/system/database/warmup	AdminDatabaseWarmup
POST	/api/admin/system/delegations	CreateDelegation
POST	/api/admin/system/delegations/:delegationId/revoke	RevokeDelegation
POST	/api/admin/system/device-marketing-names	CreateDeviceMarketingName
POST	/api/admin/system/device-marketing-names/seed	ReseedDeviceMarketingNames
POST	/api/admin/system/egress/explain	AdminExplainEgress
POST	/api/admin/system/egress/probe	AdminProbeEgress
POST	/api/admin/system/egress/reset	AdminResetEgressSettings
POST	/api/admin/system/egress/test	AdminTestEgress
POST	/api/admin/system/email/configs	AdminPlatformEmailConfigCreate
POST	/api/admin/system/email/configs/:configId/test	AdminPlatformEmailConfigTest
POST	/api/admin/system/firewall/bans	AdminBanIP
POST	/api/admin/system/firewall/geo-bans	AdminUpsertGeoBan
POST	/api/admin/system/firewall/geo-fences	AdminCreateGeoFence
POST	/api/admin/system/firewall/geo-fences/preview	AdminPreviewGeoFence
POST	/api/admin/system/ldap/test	AdminLDAPTest
POST	/api/admin/system/legal/documents/:docType/:locale/preview	AdminPreviewLegalDocument
POST	/api/admin/system/memory/gc	AdminMemoryForceGC
POST	/api/admin/system/oidc/test	AdminOIDCTest
POST	/api/admin/system/org-approvals/:instanceId/decision	DecideApproval
POST	/api/admin/system/org-invitations/:inviteId/:action	RespondInvitation
POST	/api/admin/system/organizations	CreateOrganization
POST	/api/admin/system/organizations/:orgId/approval-chains	CreateApprovalChain
POST	/api/admin/system/organizations/:orgId/apps	BindOrgApp
POST	/api/admin/system/organizations/:orgId/collab-groups	CreateCollabGroup
POST	/api/admin/system/organizations/:orgId/departments	CreateDepartment
POST	/api/admin/system/organizations/:orgId/import	ImportOrganization
POST	/api/admin/system/organizations/:orgId/invitations	InviteOrgMembers
POST	/api/admin/system/organizations/:orgId/members	AddOrgMember
POST	/api/admin/system/organizations/:orgId/perm-templates	CreateOrgPermTemplate
POST	/api/admin/system/organizations/:orgId/perm-templates/:templateId/apply	ApplyPermTemplate
POST	/api/admin/system/organizations/:orgId/positions	CreatePosition
POST	/api/admin/system/organizations/:orgId/roles	CreateOrgRole
POST	/api/admin/system/organizations/:orgId/roles/:roleId/grants	GrantOrgRole
POST	/api/admin/system/organizations/:orgId/transfer	TransferOrganization
POST	/api/admin/system/plugins	AdminCreatePlugin
POST	/api/admin/system/plugins/:id/disable	AdminDisablePlugin
POST	/api/admin/system/plugins/:id/enable	AdminEnablePlugin
POST	/api/admin/system/risk/actions	AdminCreateRiskAction
POST	/api/admin/system/risk/assessments/:id/replay	AdminReplayRiskAssessment
POST	/api/admin/system/risk/assessments/:id/review	AdminReviewRiskAssessment
POST	/api/admin/system/risk/evaluate	AdminEvaluateRisk
POST	/api/admin/system/risk/expression/validate	AdminValidateRiskExpression
POST	/api/admin/system/risk/ips/:ip/refresh	AdminRefreshIPReputation
POST	/api/admin/system/risk/rules	AdminCreateRiskRule
POST	/api/admin/system/risk/rules/:id/simulate	AdminSimulateRiskRule
POST	/api/admin/system/risk/simulate	AdminSimulateRisk
POST	/api/admin/system/roles	AdminCreateCustomRole
POST	/api/admin/system/saml/test	AdminSAMLTest
POST	/api/admin/system/sessions/:sessionId/revoke	RevokeSession
POST	/api/admin/system/storage/image-rules	CreateImageRule
POST	/api/admin/system/storage/objects/:objectId/link	CreateStorageObjectLink
POST	/api/admin/system/storage/objects/:objectId/restore	RestoreStorageObject
POST	/api/admin/system/storage/objects/batch	BatchMutateStorageObjects
POST	/api/admin/system/storage/rules	CreateStorageRule
POST	/api/admin/system/storage/trash/cleanup	CleanupTrash
POST	/api/admin/system/temp-permissions	GrantTempPermission
POST	/api/admin/system/temp-permissions/:permId/revoke	RevokeTempPermission
POST	/api/admin/system/templates	CreateTemplate
POST	/api/admin/system/templates/:code/preview	PreviewTemplate
POST	/api/admin/system/user-master/appeals	AdminCreateAppeal
POST	/api/admin/system/user-master/deactivations	AdminCreateDeactivation
POST	/api/admin/system/user-master/deactivations/:id/cancel	AdminCancelDeactivation
POST	/api/admin/system/user-master/identities	AdminCreateIdentity
POST	/api/admin/system/user-master/lists	AdminCreateUserListEntry
POST	/api/admin/system/user-master/lists/check	AdminCheckBlacklist
POST	/api/admin/system/user-master/mappings	AdminCreateMapping
POST	/api/admin/system/user-master/merges	AdminMergeIdentity
POST	/api/admin/system/user-master/segments	AdminCreateSegment
POST	/api/admin/system/user-master/segments/:id/members	AdminAddSegmentMember
POST	/api/admin/system/user-master/sync	AdminSyncIdentity
POST	/api/admin/system/user-master/sync/batch	AdminBatchSyncIdentities
POST	/api/admin/system/user-master/tags	AdminCreateUserTag
POST	/api/admin/system/user-master/tags/assign	AdminAssignTag
POST	/api/admin/system/user-master/tags/remove	AdminRemoveTag
POST	/api/admin/system/user-master/user-lists	AdminCreateUserListEntry
POST	/api/admin/tickets	AdminCreateTicket
POST	/api/admin/tickets/:ticketId/assign	AdminAssignTicket
POST	/api/admin/tickets/:ticketId/replies	AdminReplyTicket
POST	/api/admin/tickets/:ticketId/status	AdminChangeTicketStatus
POST	/api/admin/tickets/:ticketId/watch	AdminWatchTicket
POST	/api/admin/tickets/attachments	AdminUploadTicketAttachment
POST	/api/admin/tickets/bulk	AdminBulkTickets
POST	/api/admin/tickets/categories	AdminSaveTicketCategory
POST	/api/admin/tickets/groups	AdminSaveTicketGroup
POST	/api/admin/tickets/quick-replies	AdminSaveTicketQuickReply
POST	/api/admin/tickets/sla-policies	AdminSaveTicketSLAPolicy
POST	/api/admin/user-settings/batch-initialize	AdminBatchInitializeUserSettings
POST	/api/admin/user-settings/initialize-user	AdminInitializeUserSettings
POST	/api/app/password-policy/get	GetAppPasswordPolicy
POST	/api/app/password-policy/reset	ResetAppPasswordPolicy
POST	/api/app/password-policy/set	SetAppPasswordPolicy
POST	/api/app/password-policy/test	TestAppPasswordPolicy
POST	/api/app/points/adjust-experience	AppAdjustExperience
POST	/api/app/points/adjust-integral	AppAdjustIntegral
POST	/api/app/points/batch-adjust	AppBatchAdjustIntegral
POST	/api/app/points/stats	AppPointsStats
POST	/api/app/workflow/create	WorkflowCreate
POST	/api/app/workflow/create-from-template	WorkflowCreateFromTemplate
POST	/api/app/workflow/delete	WorkflowDelete
POST	/api/app/workflow/detail	WorkflowDetail
POST	/api/app/workflow/engine/status	WorkflowEngineStatus
POST	/api/app/workflow/info	WorkflowDetail
POST	/api/app/workflow/instance/cancel	WorkflowInstanceCancel
POST	/api/app/workflow/instance/detail	WorkflowInstanceDetail
POST	/api/app/workflow/instance/pause	WorkflowInstancePause
POST	/api/app/workflow/instance/resume	WorkflowInstanceResume
POST	/api/app/workflow/instances	WorkflowInstances
POST	/api/app/workflow/instances/cancel	WorkflowInstanceCancel
POST	/api/app/workflow/instances/info	WorkflowInstanceDetail
POST	/api/app/workflow/instances/list	WorkflowInstances
POST	/api/app/workflow/instances/pause	WorkflowInstancePause
POST	/api/app/workflow/instances/resume	WorkflowInstanceResume
POST	/api/app/workflow/list	WorkflowList
POST	/api/app/workflow/logs	WorkflowLogs
POST	/api/app/workflow/node-types	WorkflowNodeTypes
POST	/api/app/workflow/save-as-template	WorkflowSaveAsTemplate
POST	/api/app/workflow/start	WorkflowStart
POST	/api/app/workflow/statistics	WorkflowStatistics
POST	/api/app/workflow/task/assign	WorkflowTaskAssign
POST	/api/app/workflow/task/complete	WorkflowTaskComplete
POST	/api/app/workflow/task/detail	WorkflowTaskDetail
POST	/api/app/workflow/task/history	WorkflowTaskHistory
POST	/api/app/workflow/tasks/complete	WorkflowTaskComplete
POST	/api/app/workflow/tasks/todo	WorkflowTasksTodo
POST	/api/app/workflow/templates	WorkflowTemplates
POST	/api/app/workflow/templates/create	WorkflowCreateFromTemplate
POST	/api/app/workflow/templates/list	WorkflowTemplates
POST	/api/app/workflow/update	WorkflowUpdate
POST	/api/app/workflow/validate	WorkflowValidate
POST	/api/apps/:appkey/ai/v1/chat/completions	AppAIChatCompletions
POST	/api/apps/:appkey/ai/v1/messages	AppAIMessages
POST	/api/apps/:appkey/functions/:functionName/invoke	InvokeAppFunction
POST	/api/apps/:appkey/vip/verify	VerifyVipMembership
POST	/api/auth/2fa/verify	VerifySecondFactor
POST	/api/auth/login/password	PasswordLogin
POST	/api/auth/logout	Logout
POST	/api/auth/oauth2/auth-url	OAuthAuthURL
POST	/api/auth/oauth2/bind-url	OAuthBindURL
POST	/api/auth/oauth2/mobile-login	OAuthMobileLogin
POST	/api/auth/passkey/auth-options	PasskeyAuthOptions
POST	/api/auth/passkey/login	PasskeyLogin
POST	/api/auth/passkey/options	PasskeyAuthOptions
POST	/api/auth/passkey/verify	PasskeyLogin
POST	/api/auth/password/change	ChangePassword
POST	/api/auth/password/verify	VerifyPassword
POST	/api/auth/refresh	Refresh
POST	/api/auth/register/password	PasswordRegister
POST	/api/captcha/generate	GenerateCaptcha
POST	/api/captcha/sms/send	SendSMSCode
POST	/api/captcha/sms/verify	VerifySMSCode
POST	/api/captcha/verify	VerifyCaptcha
POST	/api/captcha/verify-click	VerifyCaptchaClick
POST	/api/email/send-code	SendEmailCode
POST	/api/email/send-password-reset	SendPasswordResetEmail
POST	/api/email/verify-code	VerifyEmailCode
POST	/api/email/verify-reset-token	VerifyResetToken
POST	/api/email/webhook/aliyun/:scope	AliyunEmailWebhook
POST	/api/email/webhook/aliyun/:scope/:config	AliyunEmailWebhook
POST	/api/email/webhook/mailgun/:scope	MailgunEmailWebhook
POST	/api/email/webhook/mailgun/:scope/:config	MailgunEmailWebhook
POST	/api/email/webhook/postmark/:scope	PostmarkEmailWebhook
POST	/api/email/webhook/postmark/:scope/:config	PostmarkEmailWebhook
POST	/api/email/webhook/resend/:scope	ResendEmailWebhook
POST	/api/email/webhook/resend/:scope/:config	ResendEmailWebhook
POST	/api/email/webhook/sendgrid/:scope	SendGridEmailWebhook
POST	/api/email/webhook/sendgrid/:scope/:config	SendGridEmailWebhook
POST	/api/email/webhook/ses/:scope	SESEmailWebhook
POST	/api/email/webhook/ses/:scope/:config	SESEmailWebhook
POST	/api/email/webhook/tencent/:scope	TencentEmailWebhook
POST	/api/email/webhook/tencent/:scope/:config	TencentEmailWebhook
POST	/api/email/webhook/zeabur/:scope	ZeaburEmailWebhook
POST	/api/email/webhook/zeabur/:scope/:config	ZeaburEmailWebhook
POST	/api/lottery/draw	UserLotteryDraw
POST	/api/lottery/join	UserLotteryJoin
POST	/api/notifications/clear	ClearNotifications
POST	/api/notifications/read	ReadNotification
POST	/api/notifications/read-all	ReadAllNotifications
POST	/api/notifications/read-batch	ReadNotificationsBatch
POST	/api/pay/orders/:orderNo/bill	ExportPaymentBill
POST	/api/pay/orders/:orderNo/receipt/email	EmailPaymentReceipt
POST	/api/pay/orders/create	CreatePaymentOrder
POST	/api/public/pay/callback/:method	PaymentCallback
POST	/api/public/pay/callback/:method/:appid	PaymentCallback
POST	/api/public/pay/epay	EpayCallback
POST	/api/storage/object-link	StorageObjectLink
POST	/api/storage/upload	StorageUpload
POST	/api/user-settings/auto-sign/test-notification	LegacyAutoSignTestNotification
POST	/api/user-settings/reset	LegacyResetUserSettings
POST	/api/user-settings/update	LegacyUpdateUserSettings
POST	/api/user/auto-sign/test-notification	LegacyAutoSignTestNotification
POST	/api/user/create-site	CreateSite
POST	/api/user/daily	LegacyDailySign
POST	/api/user/dailyRank	LegacyDailyRank
POST	/api/user/integralRank	LegacyIntegralRank
POST	/api/user/level/info	LegacyMyLevel
POST	/api/user/level/ranking	LegacyLevelRanking
POST	/api/user/my	My
POST	/api/user/my-site	MySites
POST	/api/user/passkey/register	FinishPasskeyRegistration
POST	/api/user/passkey/register/options	BeginPasskeyRegistration
POST	/api/user/profile/avatar	UploadUserAvatar
POST	/api/user/profile/avatar/restore	RestoreUserAvatar
POST	/api/user/profile/changes/confirm	ConfirmProfileChange
POST	/api/user/profile/upload-avatar	UploadUserAvatar
POST	/api/user/resubmit-site	ResubmitSite
POST	/api/user/role/applications/:applicationId/resubmit	ResubmitRoleApplication
POST	/api/user/role/apply	SubmitRoleApplication
POST	/api/user/search-site	SearchSites
POST	/api/user/sessions/revoke-all	RevokeAllUserSessions
POST	/api/user/settings/reset	LegacyResetUserSettings
POST	/api/user/signin	SignIn
POST	/api/user/tickets	UserCreateTicket
POST	/api/user/tickets/:ticketId/cancel	UserCancelTicket
POST	/api/user/tickets/:ticketId/rating	UserRateTicket
POST	/api/user/tickets/:ticketId/replies	UserReplyTicket
POST	/api/user/tickets/attachments	UserUploadTicketAttachment
POST	/api/user/two-factor/disable	DisableTOTP
POST	/api/user/two-factor/enable	EnableTOTP
POST	/api/user/two-factor/enroll	BeginTOTPEnrollment
POST	/api/user/two-factor/recovery-codes	GenerateRecoveryCodes
POST	/api/user/two-factor/recovery-codes/regenerate	RegenerateRecoveryCodes
POST	/api/v1/apps/:appkey/auth/2fa/verify	AppSecondFactor
POST	/api/v1/apps/:appkey/auth/email/code	AppEmailCode
POST	/api/v1/apps/:appkey/auth/email/verify	AppEmailVerify
POST	/api/v1/apps/:appkey/auth/login	AppLogin
POST	/api/v1/apps/:appkey/auth/logout	AppLogout
POST	/api/v1/apps/:appkey/auth/oauth/bind/url	OAuthBindURL
POST	/api/v1/apps/:appkey/auth/oauth/exchange	AppOAuthExchange
POST	/api/v1/apps/:appkey/auth/oauth/url	AppOAuthURL
POST	/api/v1/apps/:appkey/auth/passkey/login	AppPasskeyLogin
POST	/api/v1/apps/:appkey/auth/passkey/options	AppPasskeyOptions
POST	/api/v1/apps/:appkey/auth/password/change	ChangePassword
POST	/api/v1/apps/:appkey/auth/password/forgot	AppPasswordForgot
POST	/api/v1/apps/:appkey/auth/password/reset/verify	AppPasswordResetVerify
POST	/api/v1/apps/:appkey/auth/password/verify	VerifyPassword
POST	/api/v1/apps/:appkey/auth/refresh	AppRefresh
POST	/api/v1/apps/:appkey/auth/register	AppRegister
POST	/api/v1/apps/:appkey/auth/sms/code	AppSMSCode
POST	/api/v1/apps/:appkey/banners/:bannerId/click	AppBannerClick
POST	/api/v1/apps/:appkey/captcha	AppCaptcha
POST	/api/v1/apps/:appkey/card-keys/redeem	AppRedeemCardKey
POST	/api/v1/apps/:appkey/me/2fa/recovery-codes	GenerateRecoveryCodes
POST	/api/v1/apps/:appkey/me/2fa/recovery-codes/regenerate	RegenerateRecoveryCodes
POST	/api/v1/apps/:appkey/me/2fa/totp/disable	DisableTOTP
POST	/api/v1/apps/:appkey/me/2fa/totp/enable	EnableTOTP
POST	/api/v1/apps/:appkey/me/2fa/totp/enroll	BeginTOTPEnrollment
POST	/api/v1/apps/:appkey/me/avatar	UploadUserAvatar
POST	/api/v1/apps/:appkey/me/avatar/restore	RestoreUserAvatar
POST	/api/v1/apps/:appkey/me/passkeys	FinishPasskeyRegistration
POST	/api/v1/apps/:appkey/me/passkeys/options	BeginPasskeyRegistration
POST	/api/v1/apps/:appkey/me/profile/changes/confirm	ConfirmProfileChange
POST	/api/v1/apps/:appkey/me/sessions/revoke-all	RevokeAllUserSessions
POST	/api/v1/apps/:appkey/notifications/clear	ClearNotifications
POST	/api/v1/apps/:appkey/notifications/read	ReadNotification
POST	/api/v1/apps/:appkey/notifications/read-all	ReadAllNotifications
POST	/api/v1/apps/:appkey/notifications/read-batch	ReadNotificationsBatch
POST	/api/v1/apps/:appkey/pay/orders	CreatePaymentOrder
POST	/api/v1/apps/:appkey/signin	SignIn
POST	/api/v1/apps/:appkey/storage/object-link	StorageObjectLink
POST	/api/v1/apps/:appkey/storage/upload	StorageUpload
POST	/api/v1/apps/:appkey/tickets	UserCreateTicket
POST	/api/v1/apps/:appkey/tickets/:ticketId/cancel	UserCancelTicket
POST	/api/v1/apps/:appkey/tickets/:ticketId/rating	UserRateTicket
POST	/api/v1/apps/:appkey/tickets/:ticketId/replies	UserReplyTicket
POST	/api/v1/apps/:appkey/tickets/attachments	UserUploadTicketAttachment
POST	/api/v1/apps/:appkey/vip/purchase	PurchaseVip
POST	/api/v1/apps/:appkey/vip/trial	ClaimVipTrial
POST	/api/v1/apps/:appkey/wallet/consume	WalletConsume
POST	/api/vip/purchase	PurchaseVip
POST	/api/vip/trial	ClaimVipTrial
POST	/api/wallet/consume	WalletConsume
POST	/api/wallet/transactions/:transactionNo/bill	ExportWalletBill
POST	/api/wallet/transactions/:transactionNo/receipt/email	EmailWalletReceipt
PUT	/api/admin/apps/:appkey	UpdateAdminApp
PUT	/api/admin/apps/:appkey/ai/configs/:configId	AdminAppAIConfigUpdate
PUT	/api/admin/apps/:appkey/ai/mcp-servers/:serverId	AdminAppAIMCPUpdate
PUT	/api/admin/apps/:appkey/ai/skills/:skillId	AdminAppAISkillUpdate
PUT	/api/admin/apps/:appkey/auth-protocol	AdminUpdateAppAuthProtocol
PUT	/api/admin/apps/:appkey/banners/:bannerId	UpdateAdminBanner
PUT	/api/admin/apps/:appkey/banners/order	ReorderAdminBanners
PUT	/api/admin/apps/:appkey/captcha-config	AdminUpdateCaptchaConfig
PUT	/api/admin/apps/:appkey/card-keys/batches/:batchId/status	AdminSetCardKeyBatchStatus
PUT	/api/admin/apps/:appkey/channels/:cid	AdminUpdateVersionChannel
PUT	/api/admin/apps/:appkey/commerce	UpdateAdminAppCommerceSettings
PUT	/api/admin/apps/:appkey/encryption	UpdateAdminAppEncryption
PUT	/api/admin/apps/:appkey/functions/:functionName	AdminUpdateAppFunction
PUT	/api/admin/apps/:appkey/lottery/activities/:id	AdminUpdateLotteryActivity
PUT	/api/admin/apps/:appkey/lottery/prizes/:id	AdminUpdateLotteryPrize
PUT	/api/admin/apps/:appkey/notices/:noticeId	UpdateAdminNotice
PUT	/api/admin/apps/:appkey/oauth-providers/:provider	AdminUpdateAppOAuthProvider
PUT	/api/admin/apps/:appkey/oauth-providers/:provider/enabled	AdminSetAppOAuthProviderEnabled
PUT	/api/admin/apps/:appkey/password-policy	UpdateAdminAppPasswordPolicy
PUT	/api/admin/apps/:appkey/policy	UpdateAdminAppPolicy
PUT	/api/admin/apps/:appkey/signin-reward	UpdateAdminAppSignInReward
PUT	/api/admin/apps/:appkey/users/:userId/profile	AdminUpdateUserProfile
PUT	/api/admin/apps/:appkey/users/:userId/status	UpdateAdminAppUserStatus
PUT	/api/admin/apps/:appkey/users/status/batch	BatchUpdateAdminAppUserStatus
PUT	/api/admin/apps/:appkey/versions/:vid	AdminUpdateVersion
PUT	/api/admin/notify/channels/:id	AdminSaveNotifyChannel
PUT	/api/admin/notify/subscriptions/:id	AdminSaveNotifySubscription
PUT	/api/admin/notify/templates/:id	AdminSaveNotifyTemplate
PUT	/api/admin/profile	UpdateAdminProfile
PUT	/api/admin/system/admins/:adminId/access	AdminUpdateAccountAccess
PUT	/api/admin/system/admins/:adminId/status	AdminUpdateAccountStatus
PUT	/api/admin/system/ai/configs/:configId	AdminPlatformAIConfigUpdate
PUT	/api/admin/system/ai/mcp-servers/:serverId	AdminPlatformAIMCPUpdate
PUT	/api/admin/system/ai/skills/:skillId	AdminPlatformAISkillUpdate
PUT	/api/admin/system/announcements/:id	AdminUpdateAnnouncement
PUT	/api/admin/system/authz/admins/:adminId/grants	AdminAuthzSetAdminGrants
PUT	/api/admin/system/banners/:id	UpdatePlatformBanner
PUT	/api/admin/system/device-marketing-names/:id	UpdateDeviceMarketingName
PUT	/api/admin/system/egress	AdminUpdateEgressSettings
PUT	/api/admin/system/email/configs/:configId	AdminPlatformEmailConfigUpdate
PUT	/api/admin/system/firewall/geo-fences/:id	AdminUpdateGeoFence
PUT	/api/admin/system/legal/documents/:docType/:locale	AdminSaveLegalDocument
PUT	/api/admin/system/memory/gogc	AdminMemorySetGOGC
PUT	/api/admin/system/organizations/:orgId	UpdateOrganization
PUT	/api/admin/system/organizations/:orgId/approval-chains/:chainId	UpdateApprovalChain
PUT	/api/admin/system/organizations/:orgId/collab-groups/:groupId	UpdateCollabGroup
PUT	/api/admin/system/organizations/:orgId/departments/:deptId	UpdateDepartment
PUT	/api/admin/system/organizations/:orgId/departments/:deptId/members/:adminId	SetDepartmentMember
PUT	/api/admin/system/organizations/:orgId/departments/:deptId/move	MoveDepartment
PUT	/api/admin/system/organizations/:orgId/dept-order	ReorderDepartments
PUT	/api/admin/system/organizations/:orgId/members/:adminId	UpdateOrgMember
PUT	/api/admin/system/organizations/:orgId/members/:adminId/departments	AssignMemberDepartments
PUT	/api/admin/system/organizations/:orgId/positions/:posId	UpdatePosition
PUT	/api/admin/system/organizations/:orgId/roles/:roleId	UpdateOrgRole
PUT	/api/admin/system/plugins/:id	AdminUpdatePlugin
PUT	/api/admin/system/risk/actions/:id	AdminUpdateRiskAction
PUT	/api/admin/system/risk/devices/:id/tag	AdminUpdateDeviceRiskTag
PUT	/api/admin/system/risk/ips/:id/tag	AdminUpdateIPRiskTag
PUT	/api/admin/system/risk/rules/:id	AdminUpdateRiskRule
PUT	/api/admin/system/roles/:roleKey	AdminUpdateCustomRole
PUT	/api/admin/system/settings	AdminUpdateSystemSettings
PUT	/api/admin/system/storage/cdn/:configId	UpsertCDNConfig
PUT	/api/admin/system/storage/rules/:ruleId	UpdateStorageRule
PUT	/api/admin/system/templates/:code	UpdateTemplate
PUT	/api/admin/system/user-master/appeals/:id	AdminReviewAppeal
PUT	/api/admin/system/user-master/identities/:id/lifecycle	AdminUpdateIdentityLifecycle
PUT	/api/admin/system/user-master/identities/:id/risk	AdminUpdateIdentityRisk
PUT	/api/admin/system/user-master/identities/:id/status	AdminUpdateIdentityStatus
PUT	/api/admin/system/user-master/segments/:id	AdminUpdateSegment
PUT	/api/admin/tickets/:ticketId/watchers	AdminSetTicketWatchers
PUT	/api/admin/tickets/categories/:id	AdminSaveTicketCategory
PUT	/api/admin/tickets/groups/:id	AdminSaveTicketGroup
PUT	/api/admin/tickets/groups/:id/members	AdminSetTicketGroupMembers
PUT	/api/admin/tickets/quick-replies/:id	AdminSaveTicketQuickReply
PUT	/api/admin/tickets/sla-policies/:id	AdminSaveTicketSLAPolicy
PUT	/api/user/profile	UpdateProfile
PUT	/api/user/role/applications/:applicationId/cancel	CancelRoleApplication
PUT	/api/user/settings	UpdateSettings
PUT	/api/user/update-site	UpdateSite
PUT	/api/v1/apps/:appkey/me/profile	UpdateProfile
PUT	/api/v1/apps/:appkey/me/settings	UpdateSettings
